2026-06-24 10:09:27 [INFO] src.core.log_center: LogCenter initialized: level=INFO dir=logs retention=90d
2026-06-24 10:09:27 [INFO] src.storage.service: Database migrations completed successfully
2026-06-24 10:09:27 [INFO] src.storage.service: StorageService started: sqlite
2026-06-24 10:09:27 [INFO] src.app: Infrastructure initialized (log_center + storage + recovery)
2026-06-24 10:09:27 [INFO] src.storage.service: StorageService stopped
2026-06-24 10:09:27 [INFO] src.core.log_center: LogCenter initialized: level=INFO dir=logs retention=90d
2026-06-24 10:09:27 [INFO] src.storage.service: Database migrations completed successfully
2026-06-24 10:09:27 [INFO] src.storage.service: StorageService started: sqlite
2026-06-24 10:09:27 [INFO] src.app: Infrastructure initialized (log_center + storage + recovery)
2026-06-24 10:09:30 [INFO] src.app: DualHostService wired
2026-06-24 10:09:32 [WARNING] src.app: ChartEngine not available: ChartEngine.__init__() missing 1 required positional argument: 'storage'
2026-06-24 10:09:32 [INFO] stockstream.video.subtitle_renderer: Subtitle font: C:\WINDOWS\Fonts\msyh.ttc
2026-06-24 10:09:32 [INFO] src.app: HeatmapEngine wired
2026-06-24 10:09:32 [INFO] src.app: SubtitleEngine wired
2026-06-24 10:09:32 [INFO] src.app: LayoutEngine wired
2026-06-24 10:09:32 [WARNING] src.app: DashboardEngine not available: DashboardEngine.__init__() got an unexpected keyword argument 'cache_dir'
2026-06-24 10:09:32 [WARNING] src.app: SlideGenerator not available: SlideGenerator.__init__() got an unexpected keyword argument 'cache_dir'
2026-06-24 10:09:32 [INFO] src.app: SceneManager wired
2026-06-24 10:09:32 [WARNING] src.app: ContentSceneMatcher not available: ContentSceneMatcher.__init__() missing 1 required positional argument: 'scene_manager'
2026-06-24 10:09:32 [INFO] src.scheduler.content: ContentScheduler: cycle registered (7 types)
2026-06-24 10:09:32 [INFO] src.agents.knowledge_base: FinanceKnowledgeBase loaded: 30 entries
2026-06-24 10:09:32 [INFO] src.core.recovery_manager: RecoveryManager registered guard: market (max_retries=5)
2026-06-24 10:09:32 [INFO] src.core.recovery_manager: RecoveryManager registered guard: tts (max_retries=3)
2026-06-24 10:09:32 [INFO] src.core.recovery_manager: RecoveryManager registered guard: stream (max_retries=10)
2026-06-24 10:09:32 [INFO] src.core.recovery_manager: RecoveryManager registered guard: avatar (max_retries=3)
2026-06-24 10:09:32 [INFO] src.core.recovery_manager: RecoveryManager registered guard: analysis (max_retries=5)
2026-06-24 10:09:32 [INFO] src.app: All services wired (40 modules)
2026-06-24 10:09:32 [INFO] src.core.recovery_manager: RecoveryManager started (5 guards)
2026-06-24 10:09:32 [INFO] src.avatar.service: AvatarService initialized
2026-06-24 10:09:32 [INFO] src.avatar.service: AvatarService started
2026-06-24 10:09:32 [INFO] src.market.service: MarketService started (poll=5.0s)
2026-06-24 10:09:32 [INFO] src.live.danmu_center: DanmuCenter started
2026-06-24 10:09:32 [INFO] src.live.engagement: EngagementEngine started
2026-06-24 10:09:32 [INFO] src.live.gift: GiftEngine started
2026-06-24 10:09:32 [INFO] src.live.fan_tracker: FanTracker started
2026-06-24 10:09:32 [INFO] src.live.operation: OperationEngine started
2026-06-24 10:09:32 [INFO] src.live.traffic: TrafficEngine started (interval=900s)
2026-06-24 10:09:32 [INFO] src.live.anti_silence: AntiSilenceEngine started (threshold=30s)
2026-06-24 10:09:32 [INFO] src.live.monetization: MonetizationEngine started (interval=1800s)
2026-06-24 10:09:32 [INFO] src.live.clip_generator: ClipGenerator started
2026-06-24 10:09:32 [INFO] src.live.clip_factory: ClipFactory started (output=data\clips)
2026-06-24 10:09:32 [INFO] src.live.video_writer: VideoWriter started
2026-06-24 10:09:32 [INFO] src.live.dashboard: LiveDashboard started
2026-06-24 10:09:32 [INFO] stockstream.market.storage: Market SQLite storage initialized at data/market_cache.db
2026-06-24 10:09:32 [INFO] stockstream.dual_host.director_agent: DirectorAgent started (schedule=7 slots)
2026-06-24 10:09:32 [INFO] stockstream.dual_host.service: DualHostService started (watch_list=10 stocks)
2026-06-24 10:09:32 [INFO] stockstream.heatmap_engine.engine: HeatmapEngine started (refresh=30s, cache_dir=D:\ai\stock\stockStream\cache\heatmap)
2026-06-24 10:09:32 [INFO] stockstream.subtitle_engine.engine: SubtitleEngine started (cache=D:\ai\stock\stockStream\cache\subtitle)
2026-06-24 10:09:32 [INFO] src.dashboard.service: DashboardService started
2026-06-24 10:09:32 [INFO] src.scheduler.resource: ResourceScheduler started (interval=2.0s)
2026-06-24 10:09:32 [INFO] src.scheduler.content: ContentScheduler started (cycle=7 types)
2026-06-24 10:09:32 [INFO] src.scheduler.service: SchedulerService started with 1 tasks
2026-06-24 10:09:32 [INFO] src.agents.stock_qa: StockQAAgent started
2026-06-24 10:09:32 [INFO] src.agents.chief_director: ChiefDirector started — auto-pilot engaged
2026-06-24 10:09:32 [INFO] src.agents.director: DirectorAgent started — AI directing mode
2026-06-24 10:09:32 [INFO] src.agents.market_review: MarketReviewAgent started
2026-06-24 10:09:32 [INFO] src.agents.news_engine: NewsEngine started
2026-06-24 10:09:32 [INFO] src.agents.risk_control: RiskControlCenter started
2026-06-24 10:09:32 [INFO] src.monitoring.service: MonitoringService started
2026-06-24 10:09:32 [INFO] src.monitoring.center: MonitoringCenter started (interval=5.0s)
2026-06-24 10:09:32 [INFO] src.app: Application v2.0 started — 40 modules running
2026-06-24 10:09:32 [INFO] stockstream.dual_host.director_agent: Director triggers: opening (elapsed=0.0 min)
2026-06-24 10:09:32 [INFO] stockstream.dual_host.service: Delivering opening: [opening] 5 turns
2026-06-24 10:09:32 [ERROR] stockstream.dual_host.service: Segment generation failed for ShowSegmentType.OPENING: 'DanmuService' object has no attribute 'send'
2026-06-24 10:09:32 [INFO] stockstream.heatmap_engine.collector: Starting sector data collection...
2026-06-24 10:09:33 [INFO] src.scheduler.resource: ResourceScheduler: cache released (count=1)
2026-06-24 10:09:33 [INFO] src.scheduler.resource: ResourceScheduler: paused task news_engine
2026-06-24 10:09:33 [INFO] src.scheduler.resource: ResourceScheduler: paused task clip
2026-06-24 10:09:33 [INFO] src.scheduler.resource: ResourceScheduler: paused task review
2026-06-24 10:09:33 [INFO] src.agents.director: DirectorAgent: decided → hot_sector (热点板块分析)
2026-06-24 10:09:33 [WARNING] src.monitoring.center: ALERT [warning]: memory_percent = 80.7 > 80.0
2026-06-24 10:09:33 [INFO] src.monitoring.center: MonitoringCenter stopped
2026-06-24 10:09:33 [INFO] src.monitoring.service: MonitoringService stopped
2026-06-24 10:09:33 [INFO] src.agents.risk_control: RiskControlCenter stopped
2026-06-24 10:09:33 [INFO] src.agents.news_engine: NewsEngine stopped
2026-06-24 10:09:33 [INFO] src.agents.market_review: MarketReviewAgent stopped
2026-06-24 10:09:33 [INFO] src.agents.director: DirectorAgent stopped
2026-06-24 10:09:33 [INFO] src.agents.chief_director: ChiefDirector stopped
2026-06-24 10:09:33 [INFO] src.scheduler.content: ContentScheduler stopped
2026-06-24 10:09:33 [INFO] src.scheduler.resource: ResourceScheduler: resumed task news_engine
2026-06-24 10:09:33 [INFO] src.scheduler.resource: ResourceScheduler: resumed task clip
2026-06-24 10:09:33 [INFO] src.scheduler.resource: ResourceScheduler: resumed task review
2026-06-24 10:09:33 [INFO] src.scheduler.resource: ResourceScheduler stopped
2026-06-24 10:09:33 [INFO] src.scheduler.service: SchedulerService stopped
2026-06-24 10:09:33 [INFO] stockstream.subtitle_engine.engine: SubtitleEngine stopped (tracks=0)
2026-06-24 10:09:33 [INFO] stockstream.heatmap_engine.engine: Stopping HeatmapEngine...
2026-06-24 10:09:33 [INFO] stockstream.heatmap_engine.engine: HeatmapEngine stopped (collects=0, renders=0)
2026-06-24 10:09:33 [INFO] stockstream.dual_host.director_agent: DirectorAgent stopped (segments=1)
2026-06-24 10:09:33 [INFO] stockstream.dual_host.service: DualHostService stopped (scripts=1)
2026-06-24 10:09:33 [INFO] src.live.clip_factory: ClipFactory stopped
2026-06-24 10:09:33 [INFO] src.market.service: MarketService stopped
2026-06-24 10:09:33 [INFO] src.avatar.service: AvatarService stopped
2026-06-24 10:09:33 [INFO] src.core.recovery_manager: RecoveryManager stopped
2026-06-24 10:09:33 [INFO] src.storage.service: StorageService stopped
2026-06-24 10:09:33 [INFO] src.app: Application v2.0 stopped
2026-06-24 10:09:33 [INFO] src.core.log_center: LogCenter initialized: level=INFO dir=logs retention=90d
2026-06-24 10:09:33 [INFO] src.storage.service: Database migrations completed successfully
2026-06-24 10:09:33 [INFO] src.storage.service: StorageService started: sqlite
2026-06-24 10:09:33 [INFO] src.app: Infrastructure initialized (log_center + storage + recovery)
2026-06-24 10:09:33 [INFO] src.app: DualHostService wired
2026-06-24 10:09:33 [WARNING] src.app: ChartEngine not available: ChartEngine.__init__() missing 1 required positional argument: 'storage'
2026-06-24 10:09:33 [INFO] src.app: HeatmapEngine wired
2026-06-24 10:09:33 [INFO] src.app: SubtitleEngine wired
2026-06-24 10:09:33 [INFO] src.app: LayoutEngine wired
2026-06-24 10:09:33 [WARNING] src.app: DashboardEngine not available: DashboardEngine.__init__() got an unexpected keyword argument 'cache_dir'
2026-06-24 10:09:33 [WARNING] src.app: SlideGenerator not available: SlideGenerator.__init__() got an unexpected keyword argument 'cache_dir'
2026-06-24 10:09:33 [INFO] src.app: SceneManager wired
2026-06-24 10:09:33 [WARNING] src.app: ContentSceneMatcher not available: ContentSceneMatcher.__init__() missing 1 required positional argument: 'scene_manager'
2026-06-24 10:09:33 [INFO] src.scheduler.content: ContentScheduler: cycle registered (7 types)
2026-06-24 10:09:33 [INFO] src.agents.knowledge_base: FinanceKnowledgeBase loaded: 30 entries
2026-06-24 10:09:33 [INFO] src.core.recovery_manager: RecoveryManager registered guard: market (max_retries=5)
2026-06-24 10:09:33 [INFO] src.core.recovery_manager: RecoveryManager registered guard: tts (max_retries=3)
2026-06-24 10:09:33 [INFO] src.core.recovery_manager: RecoveryManager registered guard: stream (max_retries=10)
2026-06-24 10:09:33 [INFO] src.core.recovery_manager: RecoveryManager registered guard: avatar (max_retries=3)
2026-06-24 10:09:33 [INFO] src.core.recovery_manager: RecoveryManager registered guard: analysis (max_retries=5)
2026-06-24 10:09:33 [INFO] src.app: All services wired (40 modules)
2026-06-24 10:09:33 [INFO] src.storage.service: StorageService stopped
2026-06-24 10:10:06 [INFO] src.core.log_center: LogCenter initialized: level=INFO dir=logs retention=90d
2026-06-24 10:10:06 [INFO] src.storage.service: Database migrations completed successfully
2026-06-24 10:10:06 [INFO] src.storage.service: StorageService started: sqlite
2026-06-24 10:10:06 [INFO] src.app: Infrastructure initialized (log_center + storage + recovery)
2026-06-24 10:10:06 [INFO] src.storage.service: StorageService stopped
2026-06-24 10:10:06 [INFO] src.core.log_center: LogCenter initialized: level=INFO dir=logs retention=90d
2026-06-24 10:10:06 [INFO] src.storage.service: Database migrations completed successfully
2026-06-24 10:10:06 [INFO] src.storage.service: StorageService started: sqlite
2026-06-24 10:10:06 [INFO] src.app: Infrastructure initialized (log_center + storage + recovery)
2026-06-24 10:10:07 [INFO] src.app: DualHostService wired
2026-06-24 10:10:08 [WARNING] src.app: ChartEngine not available: ChartEngine.__init__() missing 1 required positional argument: 'storage'
2026-06-24 10:10:08 [INFO] stockstream.video.subtitle_renderer: Subtitle font: C:\WINDOWS\Fonts\msyh.ttc
2026-06-24 10:10:08 [INFO] src.app: HeatmapEngine wired
2026-06-24 10:10:08 [INFO] src.app: SubtitleEngine wired
2026-06-24 10:10:08 [INFO] src.app: LayoutEngine wired
2026-06-24 10:10:08 [WARNING] src.app: DashboardEngine not available: DashboardEngine.__init__() got an unexpected keyword argument 'cache_dir'
2026-06-24 10:10:08 [WARNING] src.app: SlideGenerator not available: SlideGenerator.__init__() got an unexpected keyword argument 'cache_dir'
2026-06-24 10:10:08 [INFO] src.app: SceneManager wired
2026-06-24 10:10:08 [WARNING] src.app: ContentSceneMatcher not available: ContentSceneMatcher.__init__() missing 1 required positional argument: 'scene_manager'
2026-06-24 10:10:08 [INFO] src.scheduler.content: ContentScheduler: cycle registered (7 types)
2026-06-24 10:10:08 [INFO] src.agents.knowledge_base: FinanceKnowledgeBase loaded: 30 entries
2026-06-24 10:10:08 [INFO] src.core.recovery_manager: RecoveryManager registered guard: market (max_retries=5)
2026-06-24 10:10:08 [INFO] src.core.recovery_manager: RecoveryManager registered guard: tts (max_retries=3)
2026-06-24 10:10:08 [INFO] src.core.recovery_manager: RecoveryManager registered guard: stream (max_retries=10)
2026-06-24 10:10:08 [INFO] src.core.recovery_manager: RecoveryManager registered guard: avatar (max_retries=3)
2026-06-24 10:10:08 [INFO] src.core.recovery_manager: RecoveryManager registered guard: analysis (max_retries=5)
2026-06-24 10:10:08 [INFO] src.app: All services wired (40 modules)
2026-06-24 10:10:08 [INFO] src.core.recovery_manager: RecoveryManager started (5 guards)
2026-06-24 10:10:08 [INFO] src.avatar.service: AvatarService initialized
2026-06-24 10:10:08 [INFO] src.avatar.service: AvatarService started
2026-06-24 10:10:08 [INFO] src.market.service: MarketService started (poll=5.0s)
2026-06-24 10:10:08 [INFO] src.live.danmu_center: DanmuCenter started
2026-06-24 10:10:08 [INFO] src.live.engagement: EngagementEngine started
2026-06-24 10:10:08 [INFO] src.live.gift: GiftEngine started
2026-06-24 10:10:08 [INFO] src.live.fan_tracker: FanTracker started
2026-06-24 10:10:08 [INFO] src.live.operation: OperationEngine started
2026-06-24 10:10:08 [INFO] src.live.traffic: TrafficEngine started (interval=900s)
2026-06-24 10:10:08 [INFO] src.live.anti_silence: AntiSilenceEngine started (threshold=30s)
2026-06-24 10:10:08 [INFO] src.live.monetization: MonetizationEngine started (interval=1800s)
2026-06-24 10:10:08 [INFO] src.live.clip_generator: ClipGenerator started
2026-06-24 10:10:08 [INFO] src.live.clip_factory: ClipFactory started (output=data\clips)
2026-06-24 10:10:08 [INFO] src.live.video_writer: VideoWriter started
2026-06-24 10:10:08 [INFO] src.live.dashboard: LiveDashboard started
2026-06-24 10:10:08 [INFO] stockstream.market.storage: Market SQLite storage initialized at data/market_cache.db
2026-06-24 10:10:08 [INFO] stockstream.dual_host.director_agent: DirectorAgent started (schedule=7 slots)
2026-06-24 10:10:08 [INFO] stockstream.dual_host.service: DualHostService started (watch_list=10 stocks)
2026-06-24 10:10:08 [INFO] stockstream.heatmap_engine.engine: HeatmapEngine started (refresh=30s, cache_dir=D:\ai\stock\stockStream\cache\heatmap)
2026-06-24 10:10:08 [INFO] stockstream.subtitle_engine.engine: SubtitleEngine started (cache=D:\ai\stock\stockStream\cache\subtitle)
2026-06-24 10:10:08 [INFO] src.dashboard.service: DashboardService started
2026-06-24 10:10:08 [INFO] src.scheduler.resource: ResourceScheduler started (interval=2.0s)
2026-06-24 10:10:08 [INFO] src.scheduler.content: ContentScheduler started (cycle=7 types)
2026-06-24 10:10:08 [INFO] src.scheduler.service: SchedulerService started with 1 tasks
2026-06-24 10:10:08 [INFO] src.agents.stock_qa: StockQAAgent started
2026-06-24 10:10:08 [INFO] src.agents.chief_director: ChiefDirector started — auto-pilot engaged
2026-06-24 10:10:08 [INFO] src.agents.director: DirectorAgent started — AI directing mode
2026-06-24 10:10:08 [INFO] src.agents.market_review: MarketReviewAgent started
2026-06-24 10:10:08 [INFO] src.agents.news_engine: NewsEngine started
2026-06-24 10:10:08 [INFO] src.agents.risk_control: RiskControlCenter started
2026-06-24 10:10:08 [INFO] src.monitoring.service: MonitoringService started
2026-06-24 10:10:08 [INFO] src.monitoring.center: MonitoringCenter started (interval=5.0s)
2026-06-24 10:10:08 [INFO] src.app: Application v2.0 started — 40 modules running
2026-06-24 10:10:08 [INFO] stockstream.dual_host.director_agent: Director triggers: opening (elapsed=0.0 min)
2026-06-24 10:10:08 [INFO] stockstream.dual_host.service: Delivering opening: [opening] 5 turns
2026-06-24 10:10:08 [ERROR] stockstream.dual_host.service: Segment generation failed for ShowSegmentType.OPENING: 'DanmuService' object has no attribute 'send'
2026-06-24 10:10:08 [INFO] stockstream.heatmap_engine.collector: Starting sector data collection...
2026-06-24 10:10:08 [INFO] src.scheduler.resource: ResourceScheduler: cache released (count=1)
2026-06-24 10:10:08 [INFO] src.scheduler.resource: ResourceScheduler: paused task news_engine
2026-06-24 10:10:08 [INFO] src.scheduler.resource: ResourceScheduler: paused task clip
2026-06-24 10:10:08 [INFO] src.scheduler.resource: ResourceScheduler: paused task review
2026-06-24 10:10:08 [INFO] src.agents.director: DirectorAgent: decided → hot_sector (热点板块分析)
2026-06-24 10:10:09 [WARNING] src.monitoring.center: ALERT [warning]: cpu_percent = 82.2 > 80.0
2026-06-24 10:10:09 [WARNING] src.monitoring.center: ALERT [warning]: memory_percent = 82.0 > 80.0
2026-06-24 10:10:09 [INFO] src.monitoring.center: MonitoringCenter stopped
2026-06-24 10:10:09 [INFO] src.monitoring.service: MonitoringService stopped
2026-06-24 10:10:09 [INFO] src.agents.risk_control: RiskControlCenter stopped
2026-06-24 10:10:09 [INFO] src.agents.news_engine: NewsEngine stopped
2026-06-24 10:10:09 [INFO] src.agents.market_review: MarketReviewAgent stopped
2026-06-24 10:10:09 [INFO] src.agents.director: DirectorAgent stopped
2026-06-24 10:10:09 [INFO] src.agents.chief_director: ChiefDirector stopped
2026-06-24 10:10:09 [INFO] src.scheduler.content: ContentScheduler stopped
2026-06-24 10:10:09 [INFO] src.scheduler.resource: ResourceScheduler: resumed task news_engine
2026-06-24 10:10:09 [INFO] src.scheduler.resource: ResourceScheduler: resumed task clip
2026-06-24 10:10:09 [INFO] src.scheduler.resource: ResourceScheduler: resumed task review
2026-06-24 10:10:09 [INFO] src.scheduler.resource: ResourceScheduler stopped
2026-06-24 10:10:09 [INFO] src.scheduler.service: SchedulerService stopped
2026-06-24 10:10:09 [INFO] stockstream.subtitle_engine.engine: SubtitleEngine stopped (tracks=0)
2026-06-24 10:10:09 [INFO] stockstream.heatmap_engine.engine: Stopping HeatmapEngine...
2026-06-24 10:10:09 [INFO] stockstream.heatmap_engine.engine: HeatmapEngine stopped (collects=0, renders=0)
2026-06-24 10:10:09 [INFO] stockstream.dual_host.director_agent: DirectorAgent stopped (segments=1)
2026-06-24 10:10:09 [INFO] stockstream.dual_host.service: DualHostService stopped (scripts=1)
2026-06-24 10:10:09 [INFO] src.live.clip_factory: ClipFactory stopped
2026-06-24 10:10:09 [INFO] src.market.service: MarketService stopped
2026-06-24 10:10:09 [INFO] src.avatar.service: AvatarService stopped
2026-06-24 10:10:09 [INFO] src.core.recovery_manager: RecoveryManager stopped
2026-06-24 10:10:09 [INFO] src.storage.service: StorageService stopped
2026-06-24 10:10:09 [INFO] src.app: Application v2.0 stopped
2026-06-24 10:10:09 [INFO] src.core.log_center: LogCenter initialized: level=INFO dir=logs retention=90d
2026-06-24 10:10:09 [INFO] src.storage.service: Database migrations completed successfully
2026-06-24 10:10:09 [INFO] src.storage.service: StorageService started: sqlite
2026-06-24 10:10:09 [INFO] src.app: Infrastructure initialized (log_center + storage + recovery)
2026-06-24 10:10:09 [INFO] src.app: DualHostService wired
2026-06-24 10:10:09 [WARNING] src.app: ChartEngine not available: ChartEngine.__init__() missing 1 required positional argument: 'storage'
2026-06-24 10:10:09 [INFO] src.app: HeatmapEngine wired
2026-06-24 10:10:09 [INFO] src.app: SubtitleEngine wired
2026-06-24 10:10:09 [INFO] src.app: LayoutEngine wired
2026-06-24 10:10:09 [WARNING] src.app: DashboardEngine not available: DashboardEngine.__init__() got an unexpected keyword argument 'cache_dir'
2026-06-24 10:10:09 [WARNING] src.app: SlideGenerator not available: SlideGenerator.__init__() got an unexpected keyword argument 'cache_dir'
2026-06-24 10:10:09 [INFO] src.app: SceneManager wired
2026-06-24 10:10:09 [WARNING] src.app: ContentSceneMatcher not available: ContentSceneMatcher.__init__() missing 1 required positional argument: 'scene_manager'
2026-06-24 10:10:09 [INFO] src.scheduler.content: ContentScheduler: cycle registered (7 types)
2026-06-24 10:10:09 [INFO] src.agents.knowledge_base: FinanceKnowledgeBase loaded: 30 entries
2026-06-24 10:10:09 [INFO] src.core.recovery_manager: RecoveryManager registered guard: market (max_retries=5)
2026-06-24 10:10:09 [INFO] src.core.recovery_manager: RecoveryManager registered guard: tts (max_retries=3)
2026-06-24 10:10:09 [INFO] src.core.recovery_manager: RecoveryManager registered guard: stream (max_retries=10)
2026-06-24 10:10:09 [INFO] src.core.recovery_manager: RecoveryManager registered guard: avatar (max_retries=3)
2026-06-24 10:10:09 [INFO] src.core.recovery_manager: RecoveryManager registered guard: analysis (max_retries=5)
2026-06-24 10:10:09 [INFO] src.app: All services wired (40 modules)
2026-06-24 10:10:09 [INFO] src.storage.service: StorageService stopped
2026-06-24 10:11:54 [INFO] src.core.log_center: LogCenter initialized: level=INFO dir=logs retention=90d
2026-06-24 10:11:54 [INFO] src.storage.service: Database migrations completed successfully
2026-06-24 10:11:54 [INFO] src.storage.service: StorageService started: sqlite
2026-06-24 10:11:54 [INFO] src.app: Infrastructure initialized (log_center + storage + recovery)
2026-06-24 10:11:54 [INFO] src.storage.service: StorageService stopped
2026-06-24 10:11:54 [INFO] src.core.log_center: LogCenter initialized: level=INFO dir=logs retention=90d
2026-06-24 10:11:54 [INFO] src.storage.service: Database migrations completed successfully
2026-06-24 10:11:54 [INFO] src.storage.service: StorageService started: sqlite
2026-06-24 10:11:54 [INFO] src.app: Infrastructure initialized (log_center + storage + recovery)
2026-06-24 10:11:55 [INFO] src.app: DualHostService wired
2026-06-24 10:11:56 [INFO] src.app: ChartEngine wired
2026-06-24 10:11:56 [INFO] stockstream.video.subtitle_renderer: Subtitle font: C:\WINDOWS\Fonts\msyh.ttc
2026-06-24 10:11:56 [INFO] src.app: HeatmapEngine wired
2026-06-24 10:11:56 [INFO] src.app: SubtitleEngine wired
2026-06-24 10:11:56 [INFO] src.app: LayoutEngine wired
2026-06-24 10:11:56 [INFO] src.app: DashboardEngine wired
2026-06-24 10:11:56 [INFO] src.app: SlideGenerator wired
2026-06-24 10:11:56 [INFO] src.app: SceneManager wired
2026-06-24 10:11:56 [INFO] src.app: ContentSceneMatcher wired
2026-06-24 10:11:56 [INFO] src.scheduler.content: ContentScheduler: cycle registered (7 types)
2026-06-24 10:11:56 [INFO] src.agents.knowledge_base: FinanceKnowledgeBase loaded: 30 entries
2026-06-24 10:11:56 [INFO] src.core.recovery_manager: RecoveryManager registered guard: market (max_retries=5)
2026-06-24 10:11:56 [INFO] src.core.recovery_manager: RecoveryManager registered guard: tts (max_retries=3)
2026-06-24 10:11:56 [INFO] src.core.recovery_manager: RecoveryManager registered guard: stream (max_retries=10)
2026-06-24 10:11:56 [INFO] src.core.recovery_manager: RecoveryManager registered guard: avatar (max_retries=3)
2026-06-24 10:11:56 [INFO] src.core.recovery_manager: RecoveryManager registered guard: analysis (max_retries=5)
2026-06-24 10:11:56 [INFO] src.app: All services wired (44 modules)
2026-06-24 10:11:56 [INFO] src.core.recovery_manager: RecoveryManager started (5 guards)
2026-06-24 10:11:56 [INFO] src.avatar.service: AvatarService initialized
2026-06-24 10:11:56 [INFO] src.avatar.service: AvatarService started
2026-06-24 10:11:56 [INFO] src.market.service: MarketService started (poll=5.0s)
2026-06-24 10:11:56 [INFO] src.live.danmu_center: DanmuCenter started
2026-06-24 10:11:56 [INFO] src.live.engagement: EngagementEngine started
2026-06-24 10:11:56 [INFO] src.live.gift: GiftEngine started
2026-06-24 10:11:56 [INFO] src.live.fan_tracker: FanTracker started
2026-06-24 10:11:56 [INFO] src.live.operation: OperationEngine started
2026-06-24 10:11:56 [INFO] src.live.traffic: TrafficEngine started (interval=900s)
2026-06-24 10:11:56 [INFO] src.live.anti_silence: AntiSilenceEngine started (threshold=30s)
2026-06-24 10:11:56 [INFO] src.live.monetization: MonetizationEngine started (interval=1800s)
2026-06-24 10:11:56 [INFO] src.live.clip_generator: ClipGenerator started
2026-06-24 10:11:56 [INFO] src.live.clip_factory: ClipFactory started (output=data\clips)
2026-06-24 10:11:56 [INFO] src.live.video_writer: VideoWriter started
2026-06-24 10:11:56 [INFO] src.live.dashboard: LiveDashboard started
2026-06-24 10:11:56 [INFO] stockstream.market.storage: Market SQLite storage initialized at data/market_cache.db
2026-06-24 10:11:56 [INFO] stockstream.dual_host.director_agent: DirectorAgent started (schedule=7 slots)
2026-06-24 10:11:56 [INFO] stockstream.dual_host.service: DualHostService started (watch_list=10 stocks)
2026-06-24 10:11:56 [INFO] stockstream.heatmap_engine.engine: HeatmapEngine started (refresh=30s, cache_dir=D:\ai\stock\stockStream\cache\heatmap)
2026-06-24 10:11:56 [INFO] stockstream.subtitle_engine.engine: SubtitleEngine started (cache=D:\ai\stock\stockStream\cache\subtitle)
2026-06-24 10:11:56 [INFO] stockstream.dashboard_renderer.engine: DashboardEngine started (refresh=10s)
2026-06-24 10:11:56 [INFO] src.dashboard.service: DashboardService started
2026-06-24 10:11:56 [INFO] src.scheduler.resource: ResourceScheduler started (interval=2.0s)
2026-06-24 10:11:56 [INFO] src.scheduler.content: ContentScheduler started (cycle=7 types)
2026-06-24 10:11:56 [INFO] src.scheduler.service: SchedulerService started with 1 tasks
2026-06-24 10:11:56 [INFO] src.agents.stock_qa: StockQAAgent started
2026-06-24 10:11:56 [INFO] src.agents.chief_director: ChiefDirector started — auto-pilot engaged
2026-06-24 10:11:56 [INFO] src.agents.director: DirectorAgent started — AI directing mode
2026-06-24 10:11:56 [INFO] src.agents.market_review: MarketReviewAgent started
2026-06-24 10:11:56 [INFO] src.agents.news_engine: NewsEngine started
2026-06-24 10:11:56 [INFO] src.agents.risk_control: RiskControlCenter started
2026-06-24 10:11:56 [INFO] src.monitoring.service: MonitoringService started
2026-06-24 10:11:56 [INFO] src.monitoring.center: MonitoringCenter started (interval=5.0s)
2026-06-24 10:11:56 [INFO] src.app: Application v2.0 started — 44 modules running
2026-06-24 10:11:56 [INFO] stockstream.dual_host.director_agent: Director triggers: opening (elapsed=0.0 min)
2026-06-24 10:11:56 [INFO] stockstream.dual_host.service: Delivering opening: [opening] 5 turns
2026-06-24 10:11:56 [ERROR] stockstream.dual_host.service: Segment generation failed for ShowSegmentType.OPENING: 'DanmuService' object has no attribute 'send'
2026-06-24 10:11:56 [INFO] stockstream.heatmap_engine.collector: Starting sector data collection...
2026-06-24 10:11:56 [INFO] src.scheduler.resource: ResourceScheduler: cache released (count=1)
2026-06-24 10:11:56 [INFO] src.scheduler.resource: ResourceScheduler: paused task news_engine
2026-06-24 10:11:56 [INFO] src.scheduler.resource: ResourceScheduler: paused task clip
2026-06-24 10:11:56 [INFO] src.scheduler.resource: ResourceScheduler: paused task review
2026-06-24 10:11:56 [INFO] src.agents.director: DirectorAgent: decided → hot_sector (热点板块分析)
2026-06-24 10:11:57 [WARNING] src.monitoring.center: ALERT [warning]: memory_percent = 89.4 > 80.0
2026-06-24 10:11:57 [INFO] src.monitoring.center: MonitoringCenter stopped
2026-06-24 10:11:57 [INFO] src.monitoring.service: MonitoringService stopped
2026-06-24 10:11:57 [INFO] src.agents.risk_control: RiskControlCenter stopped
2026-06-24 10:11:57 [INFO] src.agents.news_engine: NewsEngine stopped
2026-06-24 10:11:57 [INFO] src.agents.market_review: MarketReviewAgent stopped
2026-06-24 10:11:57 [INFO] src.agents.director: DirectorAgent stopped
2026-06-24 10:11:57 [INFO] src.agents.chief_director: ChiefDirector stopped
2026-06-24 10:11:57 [INFO] src.scheduler.content: ContentScheduler stopped
2026-06-24 10:11:57 [INFO] src.scheduler.resource: ResourceScheduler: resumed task news_engine
2026-06-24 10:11:57 [INFO] src.scheduler.resource: ResourceScheduler: resumed task clip
2026-06-24 10:11:57 [INFO] src.scheduler.resource: ResourceScheduler: resumed task review
2026-06-24 10:11:57 [INFO] src.scheduler.resource: ResourceScheduler stopped
2026-06-24 10:11:57 [INFO] src.scheduler.service: SchedulerService stopped
2026-06-24 10:11:57 [INFO] stockstream.dashboard_renderer.engine: Stopping DashboardEngine...
2026-06-24 10:11:57 [INFO] stockstream.dashboard_renderer.engine: DashboardEngine stopped
2026-06-24 10:11:57 [INFO] stockstream.subtitle_engine.engine: SubtitleEngine stopped (tracks=0)
2026-06-24 10:11:57 [INFO] stockstream.heatmap_engine.engine: Stopping HeatmapEngine...
2026-06-24 10:11:57 [INFO] stockstream.heatmap_engine.engine: HeatmapEngine stopped (collects=0, renders=0)
2026-06-24 10:11:57 [INFO] stockstream.dual_host.director_agent: DirectorAgent stopped (segments=1)
2026-06-24 10:11:57 [INFO] stockstream.dual_host.service: DualHostService stopped (scripts=1)
2026-06-24 10:11:57 [INFO] src.live.clip_factory: ClipFactory stopped
2026-06-24 10:11:57 [INFO] src.market.service: MarketService stopped
2026-06-24 10:11:57 [INFO] src.avatar.service: AvatarService stopped
2026-06-24 10:11:57 [INFO] src.core.recovery_manager: RecoveryManager stopped
2026-06-24 10:11:57 [INFO] src.storage.service: StorageService stopped
2026-06-24 10:11:57 [INFO] src.app: Application v2.0 stopped
2026-06-24 10:11:57 [INFO] src.core.log_center: LogCenter initialized: level=INFO dir=logs retention=90d
2026-06-24 10:11:57 [INFO] src.storage.service: Database migrations completed successfully
2026-06-24 10:11:57 [INFO] src.storage.service: StorageService started: sqlite
2026-06-24 10:11:57 [INFO] src.app: Infrastructure initialized (log_center + storage + recovery)
2026-06-24 10:11:57 [INFO] src.app: DualHostService wired
2026-06-24 10:11:57 [INFO] src.app: ChartEngine wired
2026-06-24 10:11:57 [INFO] src.app: HeatmapEngine wired
2026-06-24 10:11:57 [INFO] src.app: SubtitleEngine wired
2026-06-24 10:11:57 [INFO] src.app: LayoutEngine wired
2026-06-24 10:11:57 [INFO] src.app: DashboardEngine wired
2026-06-24 10:11:57 [INFO] src.app: SlideGenerator wired
2026-06-24 10:11:57 [INFO] src.app: SceneManager wired
2026-06-24 10:11:57 [INFO] src.app: ContentSceneMatcher wired
2026-06-24 10:11:57 [INFO] src.scheduler.content: ContentScheduler: cycle registered (7 types)
2026-06-24 10:11:57 [INFO] src.agents.knowledge_base: FinanceKnowledgeBase loaded: 30 entries
2026-06-24 10:11:57 [INFO] src.core.recovery_manager: RecoveryManager registered guard: market (max_retries=5)
2026-06-24 10:11:57 [INFO] src.core.recovery_manager: RecoveryManager registered guard: tts (max_retries=3)
2026-06-24 10:11:57 [INFO] src.core.recovery_manager: RecoveryManager registered guard: stream (max_retries=10)
2026-06-24 10:11:57 [INFO] src.core.recovery_manager: RecoveryManager registered guard: avatar (max_retries=3)
2026-06-24 10:11:57 [INFO] src.core.recovery_manager: RecoveryManager registered guard: analysis (max_retries=5)
2026-06-24 10:11:57 [INFO] src.app: All services wired (44 modules)
2026-06-24 10:11:57 [INFO] src.storage.service: StorageService stopped
2026-06-24 11:06:30 [INFO] src.core.log_center: LogCenter initialized: level=INFO dir=logs retention=90d
2026-06-24 11:06:31 [INFO] src.storage.service: Database migrations completed successfully
2026-06-24 11:06:31 [INFO] src.storage.service: StorageService started: sqlite
2026-06-24 11:06:31 [INFO] src.app: Infrastructure initialized (log_center + storage + recovery)
2026-06-24 11:06:31 [INFO] src.storage.service: StorageService stopped
2026-06-24 11:06:31 [INFO] src.core.log_center: LogCenter initialized: level=INFO dir=logs retention=90d
2026-06-24 11:06:31 [INFO] src.storage.service: Database migrations completed successfully
2026-06-24 11:06:31 [INFO] src.storage.service: StorageService started: sqlite
2026-06-24 11:06:31 [INFO] src.app: Infrastructure initialized (log_center + storage + recovery)
2026-06-24 11:06:33 [INFO] src.app: DualHostService wired
2026-06-24 11:06:36 [INFO] src.app: ChartEngine wired
2026-06-24 11:06:36 [INFO] stockstream.video.subtitle_renderer: Subtitle font: C:\WINDOWS\Fonts\msyh.ttc
2026-06-24 11:06:37 [INFO] src.app: HeatmapEngine wired
2026-06-24 11:06:37 [INFO] src.app: SubtitleEngine wired
2026-06-24 11:06:37 [INFO] src.app: LayoutEngine wired
2026-06-24 11:06:37 [INFO] src.app: DashboardEngine wired
2026-06-24 11:06:37 [INFO] src.app: SlideGenerator wired
2026-06-24 11:06:37 [INFO] src.app: SceneManager wired
2026-06-24 11:06:37 [INFO] src.app: ContentSceneMatcher wired
2026-06-24 11:06:37 [INFO] src.scheduler.content: ContentScheduler: cycle registered (7 types)
2026-06-24 11:06:37 [INFO] src.agents.knowledge_base: FinanceKnowledgeBase loaded: 30 entries
2026-06-24 11:06:37 [INFO] src.core.recovery_manager: RecoveryManager registered guard: market (max_retries=5)
2026-06-24 11:06:37 [INFO] src.core.recovery_manager: RecoveryManager registered guard: tts (max_retries=3)
2026-06-24 11:06:37 [INFO] src.core.recovery_manager: RecoveryManager registered guard: stream (max_retries=10)
2026-06-24 11:06:37 [INFO] src.core.recovery_manager: RecoveryManager registered guard: avatar (max_retries=3)
2026-06-24 11:06:37 [INFO] src.core.recovery_manager: RecoveryManager registered guard: analysis (max_retries=5)
2026-06-24 11:06:37 [WARNING] src.app: DatabaseManager not available: invalid character '。' (U+3002) (db_manager.py, line 219)
2026-06-24 11:06:37 [INFO] src.core.cache_service: CacheService initialized (root=cache)
2026-06-24 11:06:37 [INFO] src.app: CacheService wired
2026-06-24 11:06:37 [WARNING] src.app: ResourceManager not available: name 'os' is not defined
2026-06-24 11:06:37 [INFO] src.app: StreamGuard wired
2026-06-24 11:06:37 [INFO] src.app: HealthCheckService wired
2026-06-24 11:06:37 [INFO] src.app: BackupService wired
2026-06-24 11:06:37 [INFO] src.app: UpdateManager wired
2026-06-24 11:06:37 [INFO] src.app: All services wired (49 modules)
2026-06-24 11:06:37 [INFO] src.core.recovery_manager: RecoveryManager started (5 guards)
2026-06-24 11:06:37 [INFO] src.core.stream_guard: StreamGuard started (interval=2.0s)
2026-06-24 11:06:37 [INFO] src.core.health_check: HealthCheckService started (modules=20)
2026-06-24 11:06:37 [INFO] src.core.cache_service: CacheService started
2026-06-24 11:06:37 [INFO] src.core.backup_service: BackupService started (dir=backups, daily@03:00)
2026-06-24 11:06:37 [INFO] src.avatar.service: AvatarService initialized
2026-06-24 11:06:37 [INFO] src.avatar.service: AvatarService started
2026-06-24 11:06:37 [INFO] src.market.service: MarketService started (poll=5.0s)
2026-06-24 11:06:37 [INFO] src.live.danmu_center: DanmuCenter started
2026-06-24 11:06:37 [INFO] src.live.engagement: EngagementEngine started
2026-06-24 11:06:37 [INFO] src.live.gift: GiftEngine started
2026-06-24 11:06:37 [INFO] src.live.fan_tracker: FanTracker started
2026-06-24 11:06:37 [INFO] src.live.operation: OperationEngine started
2026-06-24 11:06:37 [INFO] src.live.traffic: TrafficEngine started (interval=900s)
2026-06-24 11:06:37 [INFO] src.live.anti_silence: AntiSilenceEngine started (threshold=30s)
2026-06-24 11:06:37 [INFO] src.live.monetization: MonetizationEngine started (interval=1800s)
2026-06-24 11:06:37 [INFO] src.live.clip_generator: ClipGenerator started
2026-06-24 11:06:37 [INFO] src.live.clip_factory: ClipFactory started (output=data\clips)
2026-06-24 11:06:37 [INFO] src.live.video_writer: VideoWriter started
2026-06-24 11:06:37 [INFO] src.live.dashboard: LiveDashboard started
2026-06-24 11:06:37 [INFO] stockstream.market.storage: Market SQLite storage initialized at data/market_cache.db
2026-06-24 11:06:37 [INFO] stockstream.dual_host.director_agent: DirectorAgent started (schedule=7 slots)
2026-06-24 11:06:37 [INFO] stockstream.dual_host.service: DualHostService started (watch_list=10 stocks)
2026-06-24 11:06:37 [INFO] stockstream.heatmap_engine.engine: HeatmapEngine started (refresh=30s, cache_dir=D:\ai\stock\stockStream\cache\heatmap)
2026-06-24 11:06:37 [INFO] stockstream.subtitle_engine.engine: SubtitleEngine started (cache=D:\ai\stock\stockStream\cache\subtitle)
2026-06-24 11:06:37 [INFO] stockstream.dashboard_renderer.engine: DashboardEngine started (refresh=10s)
2026-06-24 11:06:37 [INFO] src.dashboard.service: DashboardService started
2026-06-24 11:06:37 [INFO] src.scheduler.resource: ResourceScheduler started (interval=2.0s)
2026-06-24 11:06:37 [INFO] src.scheduler.content: ContentScheduler started (cycle=7 types)
2026-06-24 11:06:37 [INFO] src.scheduler.service: SchedulerService started with 1 tasks
2026-06-24 11:06:37 [INFO] src.agents.stock_qa: StockQAAgent started
2026-06-24 11:06:37 [INFO] src.agents.chief_director: ChiefDirector started — auto-pilot engaged
2026-06-24 11:06:37 [INFO] src.agents.director: DirectorAgent started — AI directing mode
2026-06-24 11:06:37 [INFO] src.agents.market_review: MarketReviewAgent started
2026-06-24 11:06:37 [INFO] src.agents.news_engine: NewsEngine started
2026-06-24 11:06:37 [INFO] src.agents.risk_control: RiskControlCenter started
2026-06-24 11:06:37 [INFO] src.monitoring.service: MonitoringService started
2026-06-24 11:06:37 [INFO] src.monitoring.center: MonitoringCenter started (interval=5.0s)
2026-06-24 11:06:37 [INFO] src.app: Application v2.0 started — 49 modules running
2026-06-24 11:06:37 [INFO] stockstream.dual_host.director_agent: Director triggers: opening (elapsed=0.0 min)
2026-06-24 11:06:37 [INFO] stockstream.dual_host.service: Delivering opening: [opening] 5 turns
2026-06-24 11:06:37 [ERROR] stockstream.dual_host.service: Segment generation failed for ShowSegmentType.OPENING: 'DanmuService' object has no attribute 'send'
2026-06-24 11:06:37 [INFO] stockstream.heatmap_engine.collector: Starting sector data collection...
2026-06-24 11:06:37 [INFO] src.agents.director: DirectorAgent: decided → hot_sector (热点板块分析)
2026-06-24 11:06:38 [INFO] src.monitoring.center: MonitoringCenter stopped
2026-06-24 11:06:38 [INFO] src.monitoring.service: MonitoringService stopped
2026-06-24 11:06:38 [INFO] src.agents.risk_control: RiskControlCenter stopped
2026-06-24 11:06:38 [INFO] src.agents.news_engine: NewsEngine stopped
2026-06-24 11:06:38 [INFO] src.agents.market_review: MarketReviewAgent stopped
2026-06-24 11:06:38 [INFO] src.agents.director: DirectorAgent stopped
2026-06-24 11:06:38 [INFO] src.agents.chief_director: ChiefDirector stopped
2026-06-24 11:06:38 [INFO] src.scheduler.content: ContentScheduler stopped
2026-06-24 11:06:38 [INFO] src.scheduler.resource: ResourceScheduler stopped
2026-06-24 11:06:38 [INFO] src.scheduler.service: SchedulerService stopped
2026-06-24 11:06:38 [INFO] stockstream.dashboard_renderer.engine: Stopping DashboardEngine...
2026-06-24 11:06:38 [INFO] stockstream.dashboard_renderer.engine: DashboardEngine stopped
2026-06-24 11:06:38 [INFO] stockstream.subtitle_engine.engine: SubtitleEngine stopped (tracks=0)
2026-06-24 11:06:38 [INFO] stockstream.heatmap_engine.engine: Stopping HeatmapEngine...
2026-06-24 11:06:38 [INFO] stockstream.heatmap_engine.engine: HeatmapEngine stopped (collects=0, renders=0)
2026-06-24 11:06:38 [INFO] stockstream.dual_host.director_agent: DirectorAgent stopped (segments=1)
2026-06-24 11:06:38 [INFO] stockstream.dual_host.service: DualHostService stopped (scripts=1)
2026-06-24 11:06:38 [INFO] src.live.clip_factory: ClipFactory stopped
2026-06-24 11:06:38 [INFO] src.market.service: MarketService stopped
2026-06-24 11:06:38 [INFO] src.avatar.service: AvatarService stopped
2026-06-24 11:06:38 [INFO] src.core.recovery_manager: RecoveryManager stopped
2026-06-24 11:06:38 [INFO] src.storage.service: StorageService stopped
2026-06-24 11:06:38 [INFO] src.core.backup_service: BackupService stopped
2026-06-24 11:06:38 [INFO] src.core.cache_service: CacheService stopped
2026-06-24 11:06:38 [INFO] src.core.health_check: HealthCheckService stopped
2026-06-24 11:06:38 [INFO] src.core.stream_guard: StreamGuard stopped
2026-06-24 11:06:38 [INFO] src.app: Application v2.0 stopped
2026-06-24 11:06:38 [INFO] src.core.log_center: LogCenter initialized: level=INFO dir=logs retention=90d
2026-06-24 11:06:38 [INFO] src.storage.service: Database migrations completed successfully
2026-06-24 11:06:38 [INFO] src.storage.service: StorageService started: sqlite
2026-06-24 11:06:38 [INFO] src.app: Infrastructure initialized (log_center + storage + recovery)
2026-06-24 11:06:38 [INFO] src.app: DualHostService wired
2026-06-24 11:06:38 [INFO] src.app: ChartEngine wired
2026-06-24 11:06:38 [INFO] src.app: HeatmapEngine wired
2026-06-24 11:06:38 [INFO] src.app: SubtitleEngine wired
2026-06-24 11:06:38 [INFO] src.app: LayoutEngine wired
2026-06-24 11:06:38 [INFO] src.app: DashboardEngine wired
2026-06-24 11:06:38 [INFO] src.app: SlideGenerator wired
2026-06-24 11:06:38 [INFO] src.app: SceneManager wired
2026-06-24 11:06:38 [INFO] src.app: ContentSceneMatcher wired
2026-06-24 11:06:38 [INFO] src.scheduler.content: ContentScheduler: cycle registered (7 types)
2026-06-24 11:06:38 [INFO] src.agents.knowledge_base: FinanceKnowledgeBase loaded: 30 entries
2026-06-24 11:06:38 [INFO] src.core.recovery_manager: RecoveryManager registered guard: market (max_retries=5)
2026-06-24 11:06:38 [INFO] src.core.recovery_manager: RecoveryManager registered guard: tts (max_retries=3)
2026-06-24 11:06:38 [INFO] src.core.recovery_manager: RecoveryManager registered guard: stream (max_retries=10)
2026-06-24 11:06:38 [INFO] src.core.recovery_manager: RecoveryManager registered guard: avatar (max_retries=3)
2026-06-24 11:06:38 [INFO] src.core.recovery_manager: RecoveryManager registered guard: analysis (max_retries=5)
2026-06-24 11:06:38 [WARNING] src.app: DatabaseManager not available: invalid character '。' (U+3002) (db_manager.py, line 219)
2026-06-24 11:06:38 [INFO] src.core.cache_service: CacheService initialized (root=cache)
2026-06-24 11:06:38 [INFO] src.app: CacheService wired
2026-06-24 11:06:38 [WARNING] src.app: ResourceManager not available: name 'os' is not defined
2026-06-24 11:06:38 [INFO] src.app: StreamGuard wired
2026-06-24 11:06:38 [INFO] src.app: HealthCheckService wired
2026-06-24 11:06:38 [INFO] src.app: BackupService wired
2026-06-24 11:06:38 [INFO] src.app: UpdateManager wired
2026-06-24 11:06:38 [INFO] src.app: All services wired (49 modules)
2026-06-24 11:06:38 [INFO] src.storage.service: StorageService stopped
2026-06-24 11:08:59 [INFO] src.core.log_center: LogCenter initialized: level=INFO dir=logs retention=90d
2026-06-24 11:08:59 [INFO] src.storage.service: Database migrations completed successfully
2026-06-24 11:08:59 [INFO] src.storage.service: StorageService started: sqlite
2026-06-24 11:08:59 [INFO] src.app: Infrastructure initialized (log_center + storage + recovery)
2026-06-24 11:08:59 [INFO] src.storage.service: StorageService stopped
2026-06-24 11:08:59 [INFO] src.core.log_center: LogCenter initialized: level=INFO dir=logs retention=90d
2026-06-24 11:08:59 [INFO] src.storage.service: Database migrations completed successfully
2026-06-24 11:08:59 [INFO] src.storage.service: StorageService started: sqlite
2026-06-24 11:08:59 [INFO] src.app: Infrastructure initialized (log_center + storage + recovery)
2026-06-24 11:09:00 [INFO] src.app: DualHostService wired
2026-06-24 11:09:01 [INFO] src.app: ChartEngine wired
2026-06-24 11:09:01 [INFO] stockstream.video.subtitle_renderer: Subtitle font: C:\WINDOWS\Fonts\msyh.ttc
2026-06-24 11:09:01 [INFO] src.app: HeatmapEngine wired
2026-06-24 11:09:01 [INFO] src.app: SubtitleEngine wired
2026-06-24 11:09:01 [INFO] src.app: LayoutEngine wired
2026-06-24 11:09:01 [INFO] src.app: DashboardEngine wired
2026-06-24 11:09:01 [INFO] src.app: SlideGenerator wired
2026-06-24 11:09:01 [INFO] src.app: SceneManager wired
2026-06-24 11:09:01 [INFO] src.app: ContentSceneMatcher wired
2026-06-24 11:09:01 [INFO] src.scheduler.content: ContentScheduler: cycle registered (7 types)
2026-06-24 11:09:01 [INFO] src.agents.knowledge_base: FinanceKnowledgeBase loaded: 30 entries
2026-06-24 11:09:01 [INFO] src.core.recovery_manager: RecoveryManager registered guard: market (max_retries=5)
2026-06-24 11:09:01 [INFO] src.core.recovery_manager: RecoveryManager registered guard: tts (max_retries=3)
2026-06-24 11:09:01 [INFO] src.core.recovery_manager: RecoveryManager registered guard: stream (max_retries=10)
2026-06-24 11:09:01 [INFO] src.core.recovery_manager: RecoveryManager registered guard: avatar (max_retries=3)
2026-06-24 11:09:01 [INFO] src.core.recovery_manager: RecoveryManager registered guard: analysis (max_retries=5)
2026-06-24 11:09:01 [INFO] src.core.db_manager: DatabaseManager initialized: data/stockstream.db (WAL=True, pool=4)
2026-06-24 11:09:01 [INFO] src.app: DatabaseManager initialized
2026-06-24 11:09:01 [INFO] src.core.cache_service: CacheService initialized (root=cache)
2026-06-24 11:09:01 [INFO] src.app: CacheService wired
2026-06-24 11:09:01 [INFO] src.core.resource_manager: ResourceManager initialized (jetson=False)
2026-06-24 11:09:01 [INFO] src.app: ResourceManager wired
2026-06-24 11:09:01 [INFO] src.app: StreamGuard wired
2026-06-24 11:09:01 [INFO] src.app: HealthCheckService wired
2026-06-24 11:09:01 [INFO] src.app: BackupService wired
2026-06-24 11:09:01 [INFO] src.app: UpdateManager wired
2026-06-24 11:09:01 [INFO] src.app: All services wired (51 modules)
2026-06-24 11:09:01 [INFO] src.core.recovery_manager: RecoveryManager started (5 guards)
2026-06-24 11:09:01 [INFO] src.core.resource_manager: ResourceManager started (interval=5.0s)
2026-06-24 11:09:01 [INFO] src.core.stream_guard: StreamGuard started (interval=2.0s)
2026-06-24 11:09:01 [INFO] src.core.health_check: HealthCheckService started (modules=20)
2026-06-24 11:09:01 [INFO] src.core.cache_service: CacheService started
2026-06-24 11:09:01 [INFO] src.core.backup_service: BackupService started (dir=backups, daily@03:00)
2026-06-24 11:09:01 [INFO] src.avatar.service: AvatarService initialized
2026-06-24 11:09:01 [INFO] src.avatar.service: AvatarService started
2026-06-24 11:09:01 [INFO] src.market.service: MarketService started (poll=5.0s)
2026-06-24 11:09:01 [INFO] src.live.danmu_center: DanmuCenter started
2026-06-24 11:09:01 [INFO] src.live.engagement: EngagementEngine started
2026-06-24 11:09:01 [INFO] src.live.gift: GiftEngine started
2026-06-24 11:09:01 [INFO] src.live.fan_tracker: FanTracker started
2026-06-24 11:09:01 [INFO] src.live.operation: OperationEngine started
2026-06-24 11:09:01 [INFO] src.live.traffic: TrafficEngine started (interval=900s)
2026-06-24 11:09:01 [INFO] src.live.anti_silence: AntiSilenceEngine started (threshold=30s)
2026-06-24 11:09:01 [INFO] src.live.monetization: MonetizationEngine started (interval=1800s)
2026-06-24 11:09:01 [INFO] src.live.clip_generator: ClipGenerator started
2026-06-24 11:09:01 [INFO] src.live.clip_factory: ClipFactory started (output=data\clips)
2026-06-24 11:09:01 [INFO] src.live.video_writer: VideoWriter started
2026-06-24 11:09:01 [INFO] src.live.dashboard: LiveDashboard started
2026-06-24 11:09:01 [INFO] stockstream.market.storage: Market SQLite storage initialized at data/market_cache.db
2026-06-24 11:09:01 [INFO] stockstream.dual_host.director_agent: DirectorAgent started (schedule=7 slots)
2026-06-24 11:09:01 [INFO] stockstream.dual_host.service: DualHostService started (watch_list=10 stocks)
2026-06-24 11:09:01 [INFO] stockstream.heatmap_engine.engine: HeatmapEngine started (refresh=30s, cache_dir=D:\ai\stock\stockStream\cache\heatmap)
2026-06-24 11:09:01 [INFO] stockstream.subtitle_engine.engine: SubtitleEngine started (cache=D:\ai\stock\stockStream\cache\subtitle)
2026-06-24 11:09:01 [INFO] stockstream.dashboard_renderer.engine: DashboardEngine started (refresh=10s)
2026-06-24 11:09:01 [INFO] src.dashboard.service: DashboardService started
2026-06-24 11:09:01 [INFO] src.scheduler.resource: ResourceScheduler started (interval=2.0s)
2026-06-24 11:09:01 [INFO] src.scheduler.content: ContentScheduler started (cycle=7 types)
2026-06-24 11:09:01 [INFO] src.scheduler.service: SchedulerService started with 1 tasks
2026-06-24 11:09:01 [INFO] src.agents.stock_qa: StockQAAgent started
2026-06-24 11:09:01 [INFO] src.agents.chief_director: ChiefDirector started — auto-pilot engaged
2026-06-24 11:09:01 [INFO] src.agents.director: DirectorAgent started — AI directing mode
2026-06-24 11:09:01 [INFO] src.agents.market_review: MarketReviewAgent started
2026-06-24 11:09:01 [INFO] src.agents.news_engine: NewsEngine started
2026-06-24 11:09:01 [INFO] src.agents.risk_control: RiskControlCenter started
2026-06-24 11:09:01 [INFO] src.monitoring.service: MonitoringService started
2026-06-24 11:09:01 [INFO] src.monitoring.center: MonitoringCenter started (interval=5.0s)
2026-06-24 11:09:01 [INFO] src.app: Application v2.0 started — 51 modules running
2026-06-24 11:09:01 [INFO] stockstream.dual_host.director_agent: Director triggers: opening (elapsed=0.0 min)
2026-06-24 11:09:01 [INFO] stockstream.dual_host.service: Delivering opening: [opening] 5 turns
2026-06-24 11:09:01 [ERROR] stockstream.dual_host.service: Segment generation failed for ShowSegmentType.OPENING: 'DanmuService' object has no attribute 'send'
2026-06-24 11:09:01 [INFO] stockstream.heatmap_engine.collector: Starting sector data collection...
2026-06-24 11:09:02 [INFO] src.scheduler.resource: ResourceScheduler: paused task news_engine
2026-06-24 11:09:02 [INFO] src.scheduler.resource: ResourceScheduler: resumed task news_engine
2026-06-24 11:09:02 [INFO] src.agents.director: DirectorAgent: decided → hot_sector (热点板块分析)
2026-06-24 11:09:02 [INFO] src.monitoring.center: MonitoringCenter stopped
2026-06-24 11:09:02 [INFO] src.monitoring.service: MonitoringService stopped
2026-06-24 11:09:02 [INFO] src.agents.risk_control: RiskControlCenter stopped
2026-06-24 11:09:02 [INFO] src.agents.news_engine: NewsEngine stopped
2026-06-24 11:09:02 [INFO] src.agents.market_review: MarketReviewAgent stopped
2026-06-24 11:09:02 [INFO] src.agents.director: DirectorAgent stopped
2026-06-24 11:09:02 [INFO] src.agents.chief_director: ChiefDirector stopped
2026-06-24 11:09:02 [INFO] src.scheduler.content: ContentScheduler stopped
2026-06-24 11:09:02 [INFO] src.scheduler.resource: ResourceScheduler stopped
2026-06-24 11:09:02 [INFO] src.scheduler.service: SchedulerService stopped
2026-06-24 11:09:02 [INFO] stockstream.dashboard_renderer.engine: Stopping DashboardEngine...
2026-06-24 11:09:02 [INFO] stockstream.dashboard_renderer.engine: DashboardEngine stopped
2026-06-24 11:09:02 [INFO] stockstream.subtitle_engine.engine: SubtitleEngine stopped (tracks=0)
2026-06-24 11:09:02 [INFO] stockstream.heatmap_engine.engine: Stopping HeatmapEngine...
2026-06-24 11:09:02 [INFO] stockstream.heatmap_engine.engine: HeatmapEngine stopped (collects=0, renders=0)
2026-06-24 11:09:02 [INFO] stockstream.dual_host.director_agent: DirectorAgent stopped (segments=1)
2026-06-24 11:09:02 [INFO] stockstream.dual_host.service: DualHostService stopped (scripts=1)
2026-06-24 11:09:02 [INFO] src.live.clip_factory: ClipFactory stopped
2026-06-24 11:09:02 [INFO] src.market.service: MarketService stopped
2026-06-24 11:09:02 [INFO] src.avatar.service: AvatarService stopped
2026-06-24 11:09:02 [INFO] src.core.recovery_manager: RecoveryManager stopped
2026-06-24 11:09:02 [INFO] src.storage.service: StorageService stopped
2026-06-24 11:09:02 [INFO] src.core.backup_service: BackupService stopped
2026-06-24 11:09:02 [INFO] src.core.cache_service: CacheService stopped
2026-06-24 11:09:02 [INFO] src.core.health_check: HealthCheckService stopped
2026-06-24 11:09:02 [INFO] src.core.stream_guard: StreamGuard stopped
2026-06-24 11:09:02 [INFO] src.core.resource_manager: ResourceManager stopped (clears=0, pauses=0, throttles=0)
2026-06-24 11:09:02 [INFO] src.app: Application v2.0 stopped
2026-06-24 11:09:02 [INFO] src.core.log_center: LogCenter initialized: level=INFO dir=logs retention=90d
2026-06-24 11:09:02 [INFO] src.storage.service: Database migrations completed successfully
2026-06-24 11:09:02 [INFO] src.storage.service: StorageService started: sqlite
2026-06-24 11:09:02 [INFO] src.app: Infrastructure initialized (log_center + storage + recovery)
2026-06-24 11:09:02 [INFO] src.app: DualHostService wired
2026-06-24 11:09:02 [INFO] src.app: ChartEngine wired
2026-06-24 11:09:02 [INFO] src.app: HeatmapEngine wired
2026-06-24 11:09:02 [INFO] src.app: SubtitleEngine wired
2026-06-24 11:09:02 [INFO] src.app: LayoutEngine wired
2026-06-24 11:09:02 [INFO] src.app: DashboardEngine wired
2026-06-24 11:09:02 [INFO] src.app: SlideGenerator wired
2026-06-24 11:09:02 [INFO] src.app: SceneManager wired
2026-06-24 11:09:02 [INFO] src.app: ContentSceneMatcher wired
2026-06-24 11:09:02 [INFO] src.scheduler.content: ContentScheduler: cycle registered (7 types)
2026-06-24 11:09:02 [INFO] src.agents.knowledge_base: FinanceKnowledgeBase loaded: 30 entries
2026-06-24 11:09:02 [INFO] src.core.recovery_manager: RecoveryManager registered guard: market (max_retries=5)
2026-06-24 11:09:02 [INFO] src.core.recovery_manager: RecoveryManager registered guard: tts (max_retries=3)
2026-06-24 11:09:02 [INFO] src.core.recovery_manager: RecoveryManager registered guard: stream (max_retries=10)
2026-06-24 11:09:02 [INFO] src.core.recovery_manager: RecoveryManager registered guard: avatar (max_retries=3)
2026-06-24 11:09:02 [INFO] src.core.recovery_manager: RecoveryManager registered guard: analysis (max_retries=5)
2026-06-24 11:09:02 [INFO] src.core.db_manager: DatabaseManager initialized: data/stockstream.db (WAL=True, pool=4)
2026-06-24 11:09:02 [INFO] src.app: DatabaseManager initialized
2026-06-24 11:09:02 [INFO] src.core.cache_service: CacheService initialized (root=cache)
2026-06-24 11:09:02 [INFO] src.app: CacheService wired
2026-06-24 11:09:02 [INFO] src.core.resource_manager: ResourceManager initialized (jetson=False)
2026-06-24 11:09:02 [INFO] src.app: ResourceManager wired
2026-06-24 11:09:02 [INFO] src.app: StreamGuard wired
2026-06-24 11:09:02 [INFO] src.app: HealthCheckService wired
2026-06-24 11:09:02 [INFO] src.app: BackupService wired
2026-06-24 11:09:02 [INFO] src.app: UpdateManager wired
2026-06-24 11:09:02 [INFO] src.app: All services wired (51 modules)
2026-06-24 11:09:02 [INFO] src.storage.service: StorageService stopped
